i=0 count=1
i=1 count=2
i=2 count=3
i=3 count=4
i=4 count=5
i=5 count=6
i=6 count=7
i=7 count=8
i=8 count=9
i=9 count=10
i=10 count=11
i=11 count=12
i=12 count=13
i=13 count=14
i=14 count=15
i=15 count=16
i=16 count=17
i=17 count=18
i=18 count=19
i=19 count=20
i=20 count=21
i=21 count=22
i=22 count=23
i=23 count=24
i=24 count=25
i=25 count=26
i=26 count=27
i=27 count=28
i=28 count=29
i=29 count=30
i=30 count=31
i=31 count=32
i=32 count=33
i=33 count=34
i=34 count=35
i=35 count=36
i=36 count=37
i=37 count=38
i=38 count=39
i=39 count=40
i=40 count=41
i=41 count=42
i=42 count=43
i=43 count=44
i=44 count=45
i=45 count=46
i=46 count=47
i=47 count=48
i=48 count=49
i=49 count=50
i=50 count=51
i=51 count=52
i=52 count=53
i=53 count=54
i=54 count=55
i=55 count=56
i=56 count=57
i=57 count=58
i=58 count=59
i=59 count=60
i=60 count=61
i=61 count=62
i=62 count=63
i=63 count=64
Search: key30=30
Search: key59=59
Search: key24=24
Search: key53=53
Search: key18=18
Search: key47=47
Search: key12=12
Search: key41=41
Search: key6=6
Search: key35=35
Search: key0=0
Search: key29=29
Search: key58=58
Search: key23=23
Search: key52=52
Search: key17=17
Search: key46=46
Search: key11=11
Search: key40=40
Search: key5=5
Search: key34=34
Search: key63=63
Search: key28=28
Search: key57=57
Search: key22=22
Search: key51=51
Search: key16=16
Search: key45=45
Search: key10=10
Search: key39=39
Search: key4=4
Search: key33=33
Search: key62=62
Search: key27=27
Search: key56=56
Search: key21=21
Search: key50=50
Search: key15=15
Search: key44=44
Search: key9=9
Search: key38=38
Search: key3=3
Search: key32=32
Search: key61=61
Search: key26=26
Search: key55=55
Search: key20=20
Search: key49=49
Search: key14=14
Search: key43=43
Search: key8=8
Search: key37=37
Search: key2=2
Search: key31=31
Search: key60=60
Search: key25=25
Search: key54=54
Search: key19=19
Search: key48=48
Search: key13=13
Search: key42=42
Search: key7=7
Search: key36=36
Search: key1=1
Remove: key5=5
Remove: key34=34
Remove: key63=63
Remove: key28=28
Remove: key57=57
Remove: key22=22
Remove: key51=51
Remove: key16=16
Remove: key45=45
Remove: key10=10
Remove: key39=39
Remove: key4=4
Remove: key33=33
Remove: key62=62
Remove: key27=27
Remove: key56=56
Remove: key21=21
Remove: key50=50
Remove: key15=15
Remove: key44=44
Remove: key9=9
Remove: key38=38
Remove: key3=3
Remove: key32=32
Remove: key61=61
Remove: key26=26
Remove: key55=55
Remove: key20=20
Remove: key49=49
Remove: key14=14
Remove: key43=43
Remove: key8=8
Remove: key37=37
Remove: key2=2
Remove: key31=31
Remove: key60=60
Remove: key25=25
Remove: key54=54
Remove: key19=19
Remove: key48=48
Remove: key13=13
Remove: key42=42
Remove: key7=7
Remove: key36=36
Remove: key1=1
Remove: key30=30
Remove: key59=59
Remove: key24=24
Remove: key53=53
Remove: key18=18
Remove: key47=47
Remove: key12=12
Remove: key41=41
Remove: key6=6
Remove: key35=35
Remove: key0=0
Remove: key29=29
Remove: key58=58
Remove: key23=23
Remove: key52=52
Remove: key17=17
Remove: key46=46
Remove: key11=11
Remove: key40=40
DONE
